GET /v1/subscribe/config github.com/perfect-panel/server/internal/module/subscription/transport/http.SubscribeHandler
GET /v1/server/config github.com/perfect-panel/server/internal/module/network/transport/http/server.GetServerConfigHandler
GET /v1/server/user github.com/perfect-panel/server/internal/module/network/transport/http/server.GetServerUserListHandler
GET /v1/admin/ads/detail github.com/perfect-panel/server/internal/module/support/transport/http/admin/ads.GetAdsDetailHandler
GET /v1/admin/ads/list github.com/perfect-panel/server/internal/module/support/transport/http/admin/ads.GetAdsListHandler
GET /v1/admin/announcement/detail github.com/perfect-panel/server/internal/module/support/transport/http/admin/announcement.GetAnnouncementHandler
GET /v1/admin/announcement/list github.com/perfect-panel/server/internal/module/support/transport/http/admin/announcement.GetAnnouncementListHandler
GET /v1/admin/application/preview github.com/perfect-panel/server/internal/module/subscription/transport/http/admin/application.PreviewSubscribeTemplateHandler
GET /v1/admin/application/subscribe_application_list github.com/perfect-panel/server/internal/module/subscription/transport/http/admin/application.GetSubscribeApplicationListHandler
GET /v1/admin/auth-method/config github.com/perfect-panel/server/internal/module/identity/transport/http/admin/authMethod.GetAuthMethodConfigHandler
GET /v1/admin/auth-method/email_platform github.com/perfect-panel/server/internal/module/identity/transport/http/admin/authMethod.GetEmailPlatformHandler
GET /v1/admin/auth-method/list github.com/perfect-panel/server/internal/module/identity/transport/http/admin/authMethod.GetAuthMethodListHandler
GET /v1/admin/auth-method/sms_platform github.com/perfect-panel/server/internal/module/identity/transport/http/admin/authMethod.GetSmsPlatformHandler
GET /v1/admin/console/revenue github.com/perfect-panel/server/internal/module/platform/transport/http/admin/console.QueryRevenueStatisticsHandler
GET /v1/admin/console/server github.com/perfect-panel/server/internal/module/platform/transport/http/admin/console.QueryServerTotalDataHandler
GET /v1/admin/console/ticket github.com/perfect-panel/server/internal/module/platform/transport/http/admin/console.QueryTicketWaitReplyHandler
GET /v1/admin/console/user github.com/perfect-panel/server/internal/module/platform/transport/http/admin/console.QueryUserStatisticsHandler
GET /v1/admin/coupon/list github.com/perfect-panel/server/internal/module/billing/transport/http/admin/coupon.GetCouponListHandler
GET /v1/admin/document/detail github.com/perfect-panel/server/internal/module/support/transport/http/admin/document.GetDocumentDetailHandler
GET /v1/admin/document/list github.com/perfect-panel/server/internal/module/support/transport/http/admin/document.GetDocumentListHandler
GET /v1/admin/log/balance/list github.com/perfect-panel/server/internal/module/platform/transport/http/admin/log.FilterBalanceLogHandler
GET /v1/admin/log/commission/list github.com/perfect-panel/server/internal/module/platform/transport/http/admin/log.FilterCommissionLogHandler
GET /v1/admin/log/email/list github.com/perfect-panel/server/internal/module/platform/transport/http/admin/log.FilterEmailLogHandler
GET /v1/admin/log/gift/list github.com/perfect-panel/server/internal/module/platform/transport/http/admin/log.FilterGiftLogHandler
GET /v1/admin/log/login/list github.com/perfect-panel/server/internal/module/platform/transport/http/admin/log.FilterLoginLogHandler
GET /v1/admin/log/message/list github.com/perfect-panel/server/internal/module/platform/transport/http/admin/log.GetMessageLogListHandler
GET /v1/admin/log/mobile/list github.com/perfect-panel/server/internal/module/platform/transport/http/admin/log.FilterMobileLogHandler
GET /v1/admin/log/order/list github.com/perfect-panel/server/internal/module/platform/transport/http/admin/log.FilterOrderLogHandler
GET /v1/admin/log/register/list github.com/perfect-panel/server/internal/module/platform/transport/http/admin/log.FilterRegisterLogHandler
GET /v1/admin/log/server/traffic/list github.com/perfect-panel/server/internal/module/platform/transport/http/admin/log.FilterServerTrafficLogHandler
GET /v1/admin/log/setting github.com/perfect-panel/server/internal/module/platform/transport/http/admin/log.GetLogSettingHandler
GET /v1/admin/log/subscribe/list github.com/perfect-panel/server/internal/module/platform/transport/http/admin/log.FilterSubscribeLogHandler
GET /v1/admin/log/subscribe/reset/list github.com/perfect-panel/server/internal/module/platform/transport/http/admin/log.FilterResetSubscribeLogHandler
GET /v1/admin/log/subscribe/traffic/list github.com/perfect-panel/server/internal/module/platform/transport/http/admin/log.FilterUserSubscribeTrafficLogHandler
GET /v1/admin/log/traffic/details github.com/perfect-panel/server/internal/module/platform/transport/http/admin/log.FilterTrafficLogDetailsHandler
GET /v1/admin/marketing/email/batch/list github.com/perfect-panel/server/internal/module/support/transport/http/admin/marketing.GetBatchSendEmailTaskListHandler
GET /v1/admin/marketing/quota/list github.com/perfect-panel/server/internal/module/support/transport/http/admin/marketing.QueryQuotaTaskListHandler
GET /v1/admin/order/list github.com/perfect-panel/server/internal/module/billing/transport/http/admin/order.GetOrderListHandler
GET /v1/admin/payment/list github.com/perfect-panel/server/internal/module/billing/transport/http/admin/payment.GetPaymentMethodListHandler
GET /v1/admin/payment/platform github.com/perfect-panel/server/internal/module/billing/transport/http/admin/payment.GetPaymentPlatformHandler
GET /v1/admin/withdrawal/list github.com/perfect-panel/server/internal/module/billing/transport/http/admin/withdrawal.GetWithdrawalListHandler
GET /v1/admin/server/list github.com/perfect-panel/server/internal/module/network/transport/http/admin/server.FilterServerListHandler
GET /v1/admin/server/node/list github.com/perfect-panel/server/internal/module/network/transport/http/admin/server.FilterNodeListHandler
GET /v1/admin/server/node/tags github.com/perfect-panel/server/internal/module/network/transport/http/admin/server.QueryNodeTagHandler
GET /v1/admin/server/node_config github.com/perfect-panel/server/internal/module/network/transport/http/admin/server.GetServerNodeConfigHandler
GET /v1/admin/server/protocols github.com/perfect-panel/server/internal/module/network/transport/http/admin/server.GetServerProtocolsHandler
GET /v1/admin/subscribe/details github.com/perfect-panel/server/internal/module/subscription/transport/http/admin/subscribe.GetSubscribeDetailsHandler
GET /v1/admin/subscribe/group/list github.com/perfect-panel/server/internal/module/subscription/transport/http/admin/subscribe.GetSubscribeGroupListHandler
GET /v1/admin/subscribe/list github.com/perfect-panel/server/internal/module/subscription/transport/http/admin/subscribe.GetSubscribeListHandler
GET /v1/admin/system/currency_config github.com/perfect-panel/server/internal/module/platform/transport/http/admin/system.GetCurrencyConfigHandler
GET /v1/admin/system/get_node_multiplier github.com/perfect-panel/server/internal/module/platform/transport/http/admin/system.GetNodeMultiplierHandler
GET /v1/admin/system/invite_config github.com/perfect-panel/server/internal/module/platform/transport/http/admin/system.GetInviteConfigHandler
GET /v1/admin/system/node_config github.com/perfect-panel/server/internal/module/platform/transport/http/admin/system.GetNodeConfigHandler
GET /v1/admin/system/node_multiplier/preview github.com/perfect-panel/server/internal/module/platform/transport/http/admin/system.PreViewNodeMultiplierHandler
GET /v1/admin/system/privacy github.com/perfect-panel/server/internal/module/platform/transport/http/admin/system.GetPrivacyPolicyConfigHandler
GET /v1/admin/system/register_config github.com/perfect-panel/server/internal/module/platform/transport/http/admin/system.GetRegisterConfigHandler
GET /v1/admin/system/site_config github.com/perfect-panel/server/internal/module/platform/transport/http/admin/system.GetSiteConfigHandler
GET /v1/admin/system/subscribe_config github.com/perfect-panel/server/internal/module/platform/transport/http/admin/system.GetSubscribeConfigHandler
GET /v1/admin/system/tos_config github.com/perfect-panel/server/internal/module/platform/transport/http/admin/system.GetTosConfigHandler
GET /v1/admin/system/verify_code_config github.com/perfect-panel/server/internal/module/platform/transport/http/admin/system.GetVerifyCodeConfigHandler
GET /v1/admin/system/verify_config github.com/perfect-panel/server/internal/module/platform/transport/http/admin/system.GetVerifyConfigHandler
GET /v1/admin/ticket/detail github.com/perfect-panel/server/internal/module/support/transport/http/admin/ticket.GetTicketHandler
GET /v1/admin/ticket/list github.com/perfect-panel/server/internal/module/support/transport/http/admin/ticket.GetTicketListHandler
GET /v1/admin/tool/ip/location github.com/perfect-panel/server/internal/module/platform/transport/http/admin/tool.QueryIPLocationHandler
GET /v1/admin/tool/log github.com/perfect-panel/server/internal/module/platform/transport/http/admin/tool.GetSystemLogHandler
GET /v1/admin/tool/restart github.com/perfect-panel/server/internal/module/platform/transport/http/admin/tool.RestartSystemHandler
GET /v1/admin/tool/version github.com/perfect-panel/server/internal/module/platform/transport/http/admin/tool.GetVersionHandler
GET /v1/admin/user/auth_method github.com/perfect-panel/server/internal/module/identity/transport/http/admin/user.GetUserAuthMethodHandler
GET /v1/admin/user/current github.com/perfect-panel/server/internal/module/identity/transport/http/admin/user.CurrentUserHandler
GET /v1/admin/user/detail github.com/perfect-panel/server/internal/module/identity/transport/http/admin/user.GetUserDetailHandler
GET /v1/admin/user/list github.com/perfect-panel/server/internal/module/identity/transport/http/admin/user.GetUserListHandler
GET /v1/admin/user/login/logs github.com/perfect-panel/server/internal/module/identity/transport/http/admin/user.GetUserLoginLogsHandler
GET /v1/admin/user/subscribe github.com/perfect-panel/server/internal/module/subscription/transport/http/admin/user.GetUserSubscribeHandler
GET /v1/admin/user/subscribe/detail github.com/perfect-panel/server/internal/module/subscription/transport/http/admin/user.GetUserSubscribeByIdHandler
GET /v1/admin/user/subscribe/device github.com/perfect-panel/server/internal/module/subscription/transport/http/admin/user.GetUserSubscribeDevicesHandler
GET /v1/admin/user/subscribe/logs github.com/perfect-panel/server/internal/module/subscription/transport/http/admin/user.GetUserSubscribeLogsHandler
GET /v1/admin/user/subscribe/reset/logs github.com/perfect-panel/server/internal/module/subscription/transport/http/admin/user.GetUserSubscribeResetTrafficLogsHandler
GET /v1/admin/user/subscribe/traffic_logs github.com/perfect-panel/server/internal/module/subscription/transport/http/admin/user.GetUserSubscribeTrafficLogsHandler
GET /v1/auth/check github.com/perfect-panel/server/internal/module/identity/transport/http/auth.CheckUserHandler
GET /v1/auth/check/telephone github.com/perfect-panel/server/internal/module/identity/transport/http/auth.CheckUserTelephoneHandler
GET /v1/common/ads github.com/perfect-panel/server/internal/module/support/transport/http/common.GetAdsHandler
GET /v1/common/client github.com/perfect-panel/server/internal/module/platform/transport/http/common.GetClientHandler
GET /v1/common/heartbeat github.com/perfect-panel/server/internal/module/platform/transport/http/common.HeartbeatHandler
GET /v1/common/site/config github.com/perfect-panel/server/internal/module/platform/transport/http/common.GetGlobalConfigHandler
GET /v1/common/site/privacy github.com/perfect-panel/server/internal/module/platform/transport/http/common.GetPrivacyPolicyHandler
GET /v1/common/site/stat github.com/perfect-panel/server/internal/module/platform/transport/http/common.GetStatHandler
GET /v1/common/site/tos github.com/perfect-panel/server/internal/module/platform/transport/http/common.GetTosHandler
GET /v1/public/announcement/list github.com/perfect-panel/server/internal/module/support/transport/http/public/announcement.QueryAnnouncementHandler
GET /v1/public/document/detail github.com/perfect-panel/server/internal/module/support/transport/http/public/document.QueryDocumentDetailHandler
GET /v1/public/document/list github.com/perfect-panel/server/internal/module/support/transport/http/public/document.QueryDocumentListHandler
GET /v1/public/order/detail github.com/perfect-panel/server/internal/module/billing/transport/http/public/order.QueryOrderDetailHandler
GET /v1/public/order/list github.com/perfect-panel/server/internal/module/billing/transport/http/public/order.QueryOrderListHandler
GET /v1/public/payment/methods github.com/perfect-panel/server/internal/module/billing/transport/http/public/payment.GetAvailablePaymentMethodsHandler
GET /v1/public/portal/order/status github.com/perfect-panel/server/internal/module/billing/transport/http/public/portal.QueryPurchaseOrderHandler
GET /v1/public/portal/payment-method github.com/perfect-panel/server/internal/module/billing/transport/http/public/portal.GetAvailablePaymentMethodsHandler
GET /v1/public/portal/subscribe github.com/perfect-panel/server/internal/module/billing/transport/http/public/portal.GetSubscriptionHandler
GET /v1/public/subscribe/list github.com/perfect-panel/server/internal/module/subscription/transport/http/public/subscribe.QuerySubscribeListHandler
GET /v1/public/subscribe/node/list github.com/perfect-panel/server/internal/module/subscription/transport/http/public/subscribe.QueryUserSubscribeNodeListHandler
GET /v1/public/ticket/detail github.com/perfect-panel/server/internal/module/support/transport/http/public/ticket.GetUserTicketDetailsHandler
GET /v1/public/ticket/list github.com/perfect-panel/server/internal/module/support/transport/http/public/ticket.GetUserTicketListHandler
GET /v1/public/user/affiliate/count github.com/perfect-panel/server/internal/module/billing/transport/http/public/user.QueryUserAffiliateHandler
GET /v1/public/user/affiliate/list github.com/perfect-panel/server/internal/module/billing/transport/http/public/user.QueryUserAffiliateListHandler
GET /v1/public/user/balance_log github.com/perfect-panel/server/internal/module/billing/transport/http/public/user.QueryUserBalanceLogHandler
GET /v1/public/user/bind_telegram github.com/perfect-panel/server/internal/module/identity/transport/http/public/user.BindTelegramHandler
GET /v1/public/user/commission_log github.com/perfect-panel/server/internal/module/billing/transport/http/public/user.QueryUserCommissionLogHandler
GET /v1/public/user/devices github.com/perfect-panel/server/internal/module/identity/transport/http/public/user.GetDeviceListHandler
GET /v1/public/user/info github.com/perfect-panel/server/internal/module/identity/transport/http/public/user.QueryUserInfoHandler
GET /v1/public/user/login_log github.com/perfect-panel/server/internal/module/identity/transport/http/public/user.GetLoginLogHandler
GET /v1/public/user/oauth_methods github.com/perfect-panel/server/internal/module/identity/transport/http/public/user.GetOAuthMethodsHandler
GET /v1/public/user/subscribe github.com/perfect-panel/server/internal/module/subscription/transport/http/public/user.QueryUserSubscribeHandler
GET /v1/public/user/subscribe_log github.com/perfect-panel/server/internal/module/subscription/transport/http/public/user.GetSubscribeLogHandler
GET /v1/public/user/withdrawal_log github.com/perfect-panel/server/internal/module/billing/transport/http/public/user.QueryWithdrawalLogHandler
GET /v2/server/:server_id github.com/perfect-panel/server/internal/module/network/transport/http/server.QueryServerProtocolConfigHandler
GET /v2/public/orders/:orderNo github.com/perfect-panel/server/internal/module/billing/transport/http/public/order.V2GetOrderHandler
GET /v2/public/orders/:orderNo/events github.com/perfect-panel/server/internal/module/billing/transport/http/public/order.V2OrderEventsHandler
POST /v1/server/online github.com/perfect-panel/server/internal/module/network/transport/http/server.PushOnlineUsersHandler
POST /v1/server/push github.com/perfect-panel/server/internal/module/network/transport/http/server.ServerPushUserTrafficHandler
POST /v1/server/status github.com/perfect-panel/server/internal/module/network/transport/http/server.ServerPushStatusHandler
POST /v1/admin/ads/ github.com/perfect-panel/server/internal/module/support/transport/http/admin/ads.CreateAdsHandler
POST /v1/admin/announcement/ github.com/perfect-panel/server/internal/module/support/transport/http/admin/announcement.CreateAnnouncementHandler
POST /v1/admin/application/ github.com/perfect-panel/server/internal/module/subscription/transport/http/admin/application.CreateSubscribeApplicationHandler
POST /v1/admin/auth-method/test_email_send github.com/perfect-panel/server/internal/module/identity/transport/http/admin/authMethod.TestEmailSendHandler
POST /v1/admin/auth-method/test_sms_send github.com/perfect-panel/server/internal/module/identity/transport/http/admin/authMethod.TestSmsSendHandler
POST /v1/admin/coupon/ github.com/perfect-panel/server/internal/module/billing/transport/http/admin/coupon.CreateCouponHandler
POST /v1/admin/document/ github.com/perfect-panel/server/internal/module/support/transport/http/admin/document.CreateDocumentHandler
POST /v1/admin/log/setting github.com/perfect-panel/server/internal/module/platform/transport/http/admin/log.UpdateLogSettingHandler
POST /v1/admin/marketing/email/batch/pre-send-count github.com/perfect-panel/server/internal/module/support/transport/http/admin/marketing.GetPreSendEmailCountHandler
POST /v1/admin/marketing/email/batch/send github.com/perfect-panel/server/internal/module/support/transport/http/admin/marketing.CreateBatchSendEmailTaskHandler
POST /v1/admin/marketing/email/batch/status github.com/perfect-panel/server/internal/module/support/transport/http/admin/marketing.GetBatchSendEmailTaskStatusHandler
POST /v1/admin/marketing/email/batch/stop github.com/perfect-panel/server/internal/module/support/transport/http/admin/marketing.StopBatchSendEmailTaskHandler
POST /v1/admin/marketing/quota/create github.com/perfect-panel/server/internal/module/support/transport/http/admin/marketing.CreateQuotaTaskHandler
POST /v1/admin/marketing/quota/pre-count github.com/perfect-panel/server/internal/module/support/transport/http/admin/marketing.QueryQuotaTaskPreCountHandler
POST /v1/admin/order/ github.com/perfect-panel/server/internal/module/billing/transport/http/admin/order.CreateOrderHandler
POST /v1/admin/payment/ github.com/perfect-panel/server/internal/module/billing/transport/http/admin/payment.CreatePaymentMethodHandler
POST /v1/admin/server/create github.com/perfect-panel/server/internal/module/network/transport/http/admin/server.CreateServerHandler
POST /v1/admin/server/delete github.com/perfect-panel/server/internal/module/network/transport/http/admin/server.DeleteServerHandler
POST /v1/admin/server/node/create github.com/perfect-panel/server/internal/module/network/transport/http/admin/server.CreateNodeHandler
POST /v1/admin/server/node/delete github.com/perfect-panel/server/internal/module/network/transport/http/admin/server.DeleteNodeHandler
POST /v1/admin/server/node/sort github.com/perfect-panel/server/internal/module/network/transport/http/admin/server.ResetSortWithNodeHandler
POST /v1/admin/server/node/status/toggle github.com/perfect-panel/server/internal/module/network/transport/http/admin/server.ToggleNodeStatusHandler
POST /v1/admin/server/node/update github.com/perfect-panel/server/internal/module/network/transport/http/admin/server.UpdateNodeHandler
POST /v1/admin/server/node_config/update github.com/perfect-panel/server/internal/module/network/transport/http/admin/server.UpdateServerNodeConfigHandler
POST /v1/admin/server/server/sort github.com/perfect-panel/server/internal/module/network/transport/http/admin/server.ResetSortWithServerHandler
POST /v1/admin/server/update github.com/perfect-panel/server/internal/module/network/transport/http/admin/server.UpdateServerHandler
POST /v1/admin/subscribe/ github.com/perfect-panel/server/internal/module/subscription/transport/http/admin/subscribe.CreateSubscribeHandler
POST /v1/admin/subscribe/group github.com/perfect-panel/server/internal/module/subscription/transport/http/admin/subscribe.CreateSubscribeGroupHandler
POST /v1/admin/subscribe/reset_all_token github.com/perfect-panel/server/internal/module/subscription/transport/http/admin/subscribe.ResetAllSubscribeTokenHandler
POST /v1/admin/subscribe/sort github.com/perfect-panel/server/internal/module/subscription/transport/http/admin/subscribe.SubscribeSortHandler
POST /v1/admin/system/set_node_multiplier github.com/perfect-panel/server/internal/module/platform/transport/http/admin/system.SetNodeMultiplierHandler
POST /v1/admin/system/setting_telegram_bot github.com/perfect-panel/server/internal/module/platform/transport/http/admin/system.SettingTelegramBotHandler
POST /v1/admin/ticket/follow github.com/perfect-panel/server/internal/module/support/transport/http/admin/ticket.CreateTicketFollowHandler
POST /v1/admin/user/ github.com/perfect-panel/server/internal/module/identity/transport/http/admin/user.CreateUserHandler
POST /v1/admin/user/auth_method github.com/perfect-panel/server/internal/module/identity/transport/http/admin/user.CreateUserAuthMethodHandler
POST /v1/admin/user/subscribe github.com/perfect-panel/server/internal/module/subscription/transport/http/admin/user.CreateUserSubscribeHandler
POST /v1/admin/user/subscribe/reset/token github.com/perfect-panel/server/internal/module/subscription/transport/http/admin/user.ResetUserSubscribeTokenHandler
POST /v1/admin/user/subscribe/reset/traffic github.com/perfect-panel/server/internal/module/subscription/transport/http/admin/user.ResetUserSubscribeTrafficHandler
POST /v1/admin/user/subscribe/toggle github.com/perfect-panel/server/internal/module/subscription/transport/http/admin/user.ToggleUserSubscribeStatusHandler
POST /v1/auth/login github.com/perfect-panel/server/internal/module/identity/transport/http/auth.UserLoginHandler
POST /v1/auth/login/device github.com/perfect-panel/server/internal/module/identity/transport/http/auth.DeviceLoginHandler
POST /v1/auth/login/telephone github.com/perfect-panel/server/internal/module/identity/transport/http/auth.TelephoneLoginHandler
POST /v1/auth/register github.com/perfect-panel/server/internal/module/identity/transport/http/auth.UserRegisterHandler
POST /v1/auth/register/telephone github.com/perfect-panel/server/internal/module/identity/transport/http/auth.TelephoneUserRegisterHandler
POST /v1/auth/reset github.com/perfect-panel/server/internal/module/identity/transport/http/auth.ResetPasswordHandler
POST /v1/auth/reset/telephone github.com/perfect-panel/server/internal/module/identity/transport/http/auth.TelephoneResetPasswordHandler
POST /v1/auth/oauth/callback/apple github.com/perfect-panel/server/internal/module/identity/transport/http/auth/oauth.AppleLoginCallbackHandler
POST /v1/auth/oauth/login github.com/perfect-panel/server/internal/module/identity/transport/http/auth/oauth.OAuthLoginHandler
POST /v1/auth/oauth/login/token github.com/perfect-panel/server/internal/module/identity/transport/http/auth/oauth.OAuthLoginGetTokenHandler
POST /v1/common/check_verification_code github.com/perfect-panel/server/internal/module/identity/transport/http/common.CheckVerificationCodeHandler
POST /v1/common/send_code github.com/perfect-panel/server/internal/module/identity/transport/http/common.SendEmailCodeHandler
POST /v1/common/send_sms_code github.com/perfect-panel/server/internal/module/identity/transport/http/common.SendSmsCodeHandler
POST /v1/public/order/close github.com/perfect-panel/server/internal/module/billing/transport/http/public/order.CloseOrderHandler
POST /v1/public/order/pre github.com/perfect-panel/server/internal/module/billing/transport/http/public/order.PreCreateOrderHandler
POST /v1/public/order/purchase github.com/perfect-panel/server/internal/module/billing/transport/http/public/order.PurchaseHandler
POST /v1/public/order/recharge github.com/perfect-panel/server/internal/module/billing/transport/http/public/order.RechargeHandler
POST /v1/public/order/renewal github.com/perfect-panel/server/internal/module/billing/transport/http/public/order.RenewalHandler
POST /v1/public/order/reset github.com/perfect-panel/server/internal/module/billing/transport/http/public/order.ResetTrafficHandler
POST /v1/public/portal/order/checkout github.com/perfect-panel/server/internal/module/billing/transport/http/public/portal.PurchaseCheckoutHandler
POST /v1/public/portal/pre github.com/perfect-panel/server/internal/module/billing/transport/http/public/portal.PrePurchaseOrderHandler
POST /v1/public/portal/purchase github.com/perfect-panel/server/internal/module/billing/transport/http/public/portal.PurchaseHandler
POST /v1/public/ticket/ github.com/perfect-panel/server/internal/module/support/transport/http/public/ticket.CreateUserTicketHandler
POST /v1/public/ticket/follow github.com/perfect-panel/server/internal/module/support/transport/http/public/ticket.CreateUserTicketFollowHandler
POST /v1/public/user/bind_oauth github.com/perfect-panel/server/internal/module/identity/transport/http/public/user.BindOAuthHandler
POST /v1/public/user/bind_oauth/callback github.com/perfect-panel/server/internal/module/identity/transport/http/public/user.BindOAuthCallbackHandler
POST /v1/public/user/commission_withdraw github.com/perfect-panel/server/internal/module/billing/transport/http/public/user.CommissionWithdrawHandler
POST /v1/public/user/unbind_oauth github.com/perfect-panel/server/internal/module/identity/transport/http/public/user.UnbindOAuthHandler
POST /v1/public/user/unbind_telegram github.com/perfect-panel/server/internal/module/identity/transport/http/public/user.UnbindTelegramHandler
POST /v1/public/user/unsubscribe github.com/perfect-panel/server/internal/module/subscription/transport/http/public/user.UnsubscribeHandler
POST /v1/public/user/unsubscribe/pre github.com/perfect-panel/server/internal/module/subscription/transport/http/public/user.PreUnsubscribeHandler
POST /v1/public/user/verify_email github.com/perfect-panel/server/internal/module/identity/transport/http/public/user.VerifyEmailHandler
POST /v2/public/orders github.com/perfect-panel/server/internal/module/billing/transport/http/public/order.V2CreateAndCheckoutHandler
POST /v2/public/orders/:orderNo/checkout github.com/perfect-panel/server/internal/module/billing/transport/http/public/order.V2CheckoutHandler
POST /v2/public/orders/:orderNo/event-ticket github.com/perfect-panel/server/internal/module/billing/transport/http/public/order.V2EventTicketHandler
POST /v2/public/orders/:orderNo/session github.com/perfect-panel/server/internal/module/billing/transport/http/public/order.V2OrderSessionHandler
PUT /v1/admin/ads/ github.com/perfect-panel/server/internal/module/support/transport/http/admin/ads.UpdateAdsHandler
PUT /v1/admin/announcement/ github.com/perfect-panel/server/internal/module/support/transport/http/admin/announcement.UpdateAnnouncementHandler
PUT /v1/admin/application/subscribe_application github.com/perfect-panel/server/internal/module/subscription/transport/http/admin/application.UpdateSubscribeApplicationHandler
PUT /v1/admin/auth-method/config github.com/perfect-panel/server/internal/module/identity/transport/http/admin/authMethod.UpdateAuthMethodConfigHandler
PUT /v1/admin/coupon/ github.com/perfect-panel/server/internal/module/billing/transport/http/admin/coupon.UpdateCouponHandler
PUT /v1/admin/document/ github.com/perfect-panel/server/internal/module/support/transport/http/admin/document.UpdateDocumentHandler
PUT /v1/admin/order/status github.com/perfect-panel/server/internal/module/billing/transport/http/admin/order.UpdateOrderStatusHandler
PUT /v1/admin/payment/ github.com/perfect-panel/server/internal/module/billing/transport/http/admin/payment.UpdatePaymentMethodHandler
PUT /v1/admin/withdrawal/status github.com/perfect-panel/server/internal/module/billing/transport/http/admin/withdrawal.ReviewWithdrawalHandler
PUT /v1/admin/subscribe/ github.com/perfect-panel/server/internal/module/subscription/transport/http/admin/subscribe.UpdateSubscribeHandler
PUT /v1/admin/subscribe/group github.com/perfect-panel/server/internal/module/subscription/transport/http/admin/subscribe.UpdateSubscribeGroupHandler
PUT /v1/admin/system/currency_config github.com/perfect-panel/server/internal/module/platform/transport/http/admin/system.UpdateCurrencyConfigHandler
PUT /v1/admin/system/invite_config github.com/perfect-panel/server/internal/module/platform/transport/http/admin/system.UpdateInviteConfigHandler
PUT /v1/admin/system/node_config github.com/perfect-panel/server/internal/module/platform/transport/http/admin/system.UpdateNodeConfigHandler
PUT /v1/admin/system/privacy github.com/perfect-panel/server/internal/module/platform/transport/http/admin/system.UpdatePrivacyPolicyConfigHandler
PUT /v1/admin/system/register_config github.com/perfect-panel/server/internal/module/platform/transport/http/admin/system.UpdateRegisterConfigHandler
PUT /v1/admin/system/site_config github.com/perfect-panel/server/internal/module/platform/transport/http/admin/system.UpdateSiteConfigHandler
PUT /v1/admin/system/subscribe_config github.com/perfect-panel/server/internal/module/platform/transport/http/admin/system.UpdateSubscribeConfigHandler
PUT /v1/admin/system/tos_config github.com/perfect-panel/server/internal/module/platform/transport/http/admin/system.UpdateTosConfigHandler
PUT /v1/admin/system/verify_code_config github.com/perfect-panel/server/internal/module/platform/transport/http/admin/system.UpdateVerifyCodeConfigHandler
PUT /v1/admin/system/verify_config github.com/perfect-panel/server/internal/module/platform/transport/http/admin/system.UpdateVerifyConfigHandler
PUT /v1/admin/ticket/ github.com/perfect-panel/server/internal/module/support/transport/http/admin/ticket.UpdateTicketStatusHandler
PUT /v1/admin/user/auth_method github.com/perfect-panel/server/internal/module/identity/transport/http/admin/user.UpdateUserAuthMethodHandler
PUT /v1/admin/user/basic github.com/perfect-panel/server/internal/module/identity/transport/http/admin/user.UpdateUserBasicInfoHandler
PUT /v1/admin/user/device github.com/perfect-panel/server/internal/module/identity/transport/http/admin/user.UpdateUserDeviceHandler
PUT /v1/admin/user/device/kick_offline github.com/perfect-panel/server/internal/module/identity/transport/http/admin/user.KickOfflineByUserDeviceHandler
PUT /v1/admin/user/notify github.com/perfect-panel/server/internal/module/identity/transport/http/admin/user.UpdateUserNotifySettingHandler
PUT /v1/admin/user/subscribe github.com/perfect-panel/server/internal/module/subscription/transport/http/admin/user.UpdateUserSubscribeHandler
PUT /v1/public/ticket/ github.com/perfect-panel/server/internal/module/support/transport/http/public/ticket.UpdateUserTicketStatusHandler
PUT /v1/public/user/bind_email github.com/perfect-panel/server/internal/module/identity/transport/http/public/user.UpdateBindEmailHandler
PUT /v1/public/user/bind_mobile github.com/perfect-panel/server/internal/module/identity/transport/http/public/user.UpdateBindMobileHandler
PUT /v1/public/user/notify github.com/perfect-panel/server/internal/module/identity/transport/http/public/user.UpdateUserNotifyHandler
PUT /v1/public/user/password github.com/perfect-panel/server/internal/module/identity/transport/http/public/user.UpdateUserPasswordHandler
PUT /v1/public/user/rules github.com/perfect-panel/server/internal/module/identity/transport/http/public/user.UpdateUserRulesHandler
PUT /v1/public/user/subscribe_note github.com/perfect-panel/server/internal/module/subscription/transport/http/public/user.UpdateUserSubscribeNoteHandler
PUT /v1/public/user/subscribe_token github.com/perfect-panel/server/internal/module/subscription/transport/http/public/user.ResetUserSubscribeTokenHandler
PUT /v1/public/user/unbind_device github.com/perfect-panel/server/internal/module/identity/transport/http/public/user.UnbindDeviceHandler
DELETE /v1/admin/ads/ github.com/perfect-panel/server/internal/module/support/transport/http/admin/ads.DeleteAdsHandler
DELETE /v1/admin/announcement/ github.com/perfect-panel/server/internal/module/support/transport/http/admin/announcement.DeleteAnnouncementHandler
DELETE /v1/admin/application/subscribe_application github.com/perfect-panel/server/internal/module/subscription/transport/http/admin/application.DeleteSubscribeApplicationHandler
DELETE /v1/admin/coupon/ github.com/perfect-panel/server/internal/module/billing/transport/http/admin/coupon.DeleteCouponHandler
DELETE /v1/admin/coupon/batch github.com/perfect-panel/server/internal/module/billing/transport/http/admin/coupon.BatchDeleteCouponHandler
DELETE /v1/admin/document/ github.com/perfect-panel/server/internal/module/support/transport/http/admin/document.DeleteDocumentHandler
DELETE /v1/admin/document/batch github.com/perfect-panel/server/internal/module/support/transport/http/admin/document.BatchDeleteDocumentHandler
DELETE /v1/admin/payment/ github.com/perfect-panel/server/internal/module/billing/transport/http/admin/payment.DeletePaymentMethodHandler
DELETE /v1/admin/subscribe/ github.com/perfect-panel/server/internal/module/subscription/transport/http/admin/subscribe.DeleteSubscribeHandler
DELETE /v1/admin/subscribe/batch github.com/perfect-panel/server/internal/module/subscription/transport/http/admin/subscribe.BatchDeleteSubscribeHandler
DELETE /v1/admin/subscribe/group github.com/perfect-panel/server/internal/module/subscription/transport/http/admin/subscribe.DeleteSubscribeGroupHandler
DELETE /v1/admin/subscribe/group/batch github.com/perfect-panel/server/internal/module/subscription/transport/http/admin/subscribe.BatchDeleteSubscribeGroupHandler
DELETE /v1/admin/user/ github.com/perfect-panel/server/internal/module/identity/transport/http/admin/user.DeleteUserHandler
DELETE /v1/admin/user/auth_method github.com/perfect-panel/server/internal/module/identity/transport/http/admin/user.DeleteUserAuthMethodHandler
DELETE /v1/admin/user/batch github.com/perfect-panel/server/internal/module/identity/transport/http/admin/user.BatchDeleteUserHandler
DELETE /v1/admin/user/device github.com/perfect-panel/server/internal/module/identity/transport/http/admin/user.DeleteUserDeviceHandler
DELETE /v1/admin/user/subscribe github.com/perfect-panel/server/internal/module/subscription/transport/http/admin/user.DeleteUserSubscribeHandler
